# __generated__ by Terracina
# Please review these resources and move them into your main configuration files.

# __generated__ by Terracina from "bar"
resource "terracina_data" "foo" {
  input            = null
  triggers_replace = null
}
